// Jest Snapshot v1, https://goo.gl/fbAQLP

exports[`TeamNavBar should match snapshot 1`] = `
<div>
  <div
    className="nav-bar-container"
  >
    <NavLink
      className="nav"
      onClick={[Function]}
      to="/"
    >
      Home
    </NavLink>
    <NavLink
      className="nav"
      onClick={[Function]}
      to="/den"
    >
      Denver Broncos
    </NavLink>
    <NavLink
      className="nav"
      onClick={[Function]}
      to="/min"
    >
      Minnesota Vikings
    </NavLink>
    <NavLink
      className="nav"
      onClick={[Function]}
      to="/cin"
    >
      Cincinati Bengals
    </NavLink>
    <NavLink
      className="nav"
      onClick={[Function]}
      to="/jac"
    >
      Jacksonville Jaguars
    </NavLink>
    <NavLink
      className="nav"
      onClick={[Function]}
      to="/tb"
    >
      Tampa Bay Buccaneers
    </NavLink>
    <NavLink
      className="nav"
      onClick={[Function]}
      to="/ten"
    >
      Tennessee Titans
    </NavLink>
    <NavLink
      className="nav"
      onClick={[Function]}
      to="/cle"
    >
      Cleveland Browns
    </NavLink>
    <NavLink
      className="nav"
      onClick={[Function]}
      to="/ind"
    >
      Indianapolis Colts
    </NavLink>
    <NavLink
      className="nav"
      onClick={[Function]}
      to="/kc"
    >
      Kansas City Chiefs
    </NavLink>
    <NavLink
      className="nav"
      onClick={[Function]}
      to="/chi"
    >
      Chicago Bears
    </NavLink>
    <NavLink
      className="nav"
      onClick={[Function]}
      to="/mia"
    >
      Miami Dolphins
    </NavLink>
    <NavLink
      className="nav"
      onClick={[Function]}
      to="/sea"
    >
      Seattle Seahawks
    </NavLink>
    <NavLink
      className="nav"
      onClick={[Function]}
      to="/sf"
    >
      San Francisco 49ers
    </NavLink>
    <NavLink
      className="nav"
      onClick={[Function]}
      to="/bal"
    >
      Baltimore Ravens
    </NavLink>
    <NavLink
      className="nav"
      onClick={[Function]}
      to="/lac"
    >
      Los Angeles Chargers
    </NavLink>
    <NavLink
      className="nav"
      onClick={[Function]}
      to="/no"
    >
      New Orleans Saints
    </NavLink>
    <NavLink
      className="nav"
      onClick={[Function]}
      to="/gb"
    >
      Green Bay Packers
    </NavLink>
    <NavLink
      className="nav"
      onClick={[Function]}
      to="/pit"
    >
      Pittsburgh Steelers
    </NavLink>
    <NavLink
      className="nav"
      onClick={[Function]}
      to="/nyj"
    >
      New York Jets
    </NavLink>
    <NavLink
      className="nav"
      onClick={[Function]}
      to="/ari"
    >
      Arizona Cardinals
    </NavLink>
    <NavLink
      className="nav"
      onClick={[Function]}
      to="/oak"
    >
      Oakland Raiders
    </NavLink>
    <NavLink
      className="nav"
      onClick={[Function]}
      to="/was"
    >
      Washington Redskins
    </NavLink>
    <NavLink
      className="nav"
      onClick={[Function]}
      to="/dal"
    >
      Dallas Cowboys
    </NavLink>
    <NavLink
      className="nav"
      onClick={[Function]}
      to="/car"
    >
      Carolina Panthers
    </NavLink>
    <NavLink
      className="nav"
      onClick={[Function]}
      to="/buf"
    >
      Buffalo Bills
    </NavLink>
    <NavLink
      className="nav"
      onClick={[Function]}
      to="/ne"
    >
      New England Patriots
    </NavLink>
    <NavLink
      className="nav"
      onClick={[Function]}
      to="/atl"
    >
      Atlanta Falcons
    </NavLink>
    <NavLink
      className="nav"
      onClick={[Function]}
      to="/phi"
    >
      Pjiladelphia Eagles
    </NavLink>
    <NavLink
      className="nav"
      onClick={[Function]}
      to="/nyg"
    >
      New York Giants
    </NavLink>
    <NavLink
      className="nav"
      onClick={[Function]}
      to="/la"
    >
      Los Angeles Rams
    </NavLink>
    <NavLink
      className="nav"
      onClick={[Function]}
      to="/det"
    >
      Detroit Lions
    </NavLink>
    <NavLink
      className="nav"
      onClick={[Function]}
      to="/hou"
    >
      Houston Texans
    </NavLink>
  </div>
  <div>
    <Route
      exact={true}
      path="/Min"
      render={[Function]}
    />
    <Route
      exact={true}
      path="/Cin"
      render={[Function]}
    />
    <Route
      exact={true}
      path="/Jac"
      render={[Function]}
    />
    <Route
      exact={true}
      path="/Tb"
      render={[Function]}
    />
    <Route
      exact={true}
      path="/Ten"
      render={[Function]}
    />
    <Route
      exact={true}
      path="/Cle"
      render={[Function]}
    />
    <Route
      exact={true}
      path="/Ind"
      render={[Function]}
    />
    <Route
      exact={true}
      path="/Kc"
      render={[Function]}
    />
    <Route
      exact={true}
      path="/Chi"
      render={[Function]}
    />
    <Route
      exact={true}
      path="/Mia"
      render={[Function]}
    />
    <Route
      exact={true}
      path="/Sea"
      render={[Function]}
    />
    <Route
      exact={true}
      path="/Sf"
      render={[Function]}
    />
    <Route
      exact={true}
      path="/Bal"
      render={[Function]}
    />
    <Route
      exact={true}
      path="/Lac"
      render={[Function]}
    />
    <Route
      exact={true}
      path="/No"
      render={[Function]}
    />
    <Route
      exact={true}
      path="/Gb"
      render={[Function]}
    />
    <Route
      exact={true}
      path="/Pit"
      render={[Function]}
    />
    <Route
      exact={true}
      path="/Nyj"
      render={[Function]}
    />
    <Route
      exact={true}
      path="/Ari"
      render={[Function]}
    />
    <Route
      exact={true}
      path="/Oak"
      render={[Function]}
    />
    <Route
      exact={true}
      path="/Was"
      render={[Function]}
    />
    <Route
      exact={true}
      path="/Dal"
      render={[Function]}
    />
    <Route
      exact={true}
      path="/Car"
      render={[Function]}
    />
    <Route
      exact={true}
      path="/Buf"
      render={[Function]}
    />
    <Route
      exact={true}
      path="/Ne"
      render={[Function]}
    />
    <Route
      exact={true}
      path="/Atl"
      render={[Function]}
    />
    <Route
      exact={true}
      path="/Phi"
      render={[Function]}
    />
    <Route
      exact={true}
      path="/Nyg"
      render={[Function]}
    />
    <Route
      exact={true}
      path="/La"
      render={[Function]}
    />
    <Route
      exact={true}
      path="/Det"
      render={[Function]}
    />
    <Route
      exact={true}
      path="/Hou"
      render={[Function]}
    />
  </div>
</div>
`;
