// Jest Snapshot v1, https://goo.gl/fbAQLP

exports[`Player should match the snapshot 1`] = `
<div
  className="position"
>
  <h3>
    Colby Allen
     
    <span
      className="deets"
    >
      Denver
       
      Turing
       
      Front End
    </span>
  </h3>
  <p>
    Arrest Count: 
    0
  </p>
</div>
`;
