// Jest Snapshot v1, https://goo.gl/fbAQLP

exports[`Crime should match the snapshot 1`] = `
<div
  className="crime"
>
  <h3
    className="crime-crime"
  >
    DUI
  </h3>
  <p
    className="crime-arrests"
  >
    Arrest Count: 
    20
  </p>
</div>
`;
