// Jest Snapshot v1, https://goo.gl/fbAQLP

exports[`Home should match the snapshot 1`] = `
<section
  className="welcome"
>
  <h1>
    Welcome!
  </h1>
  <p>
    Click on the links to see arrests by team.
  </p>
  <p>
    Data from 1/31/2000-01/31/2016
  </p>
</section>
`;
