// Jest Snapshot v1, https://goo.gl/fbAQLP

exports[`Team should match the snapshot 1`] = `
<div
  className="position"
>
  <h3
    className="crime-position"
  >
    WR
  </h3>
  <p
    className="crime-arrests"
  >
    Arrest Count: 
    200
  </p>
</div>
`;
